<?xml version="1.0" encoding="utf-8" ?>
<result>
	<row>
		<label>Page A</label>
		<nb_hits>4</nb_hits>
		<goals>
			<row idgoal='1'>
				<revenue>10</revenue>
				<nb_conversions_float>1</nb_conversions_float>
				<nb_conversions_page_rate>100%</nb_conversions_page_rate>
			</row>
		</goals>
	</row>
	<row>
		<label>Page C</label>
		<nb_hits>2</nb_hits>
		<goals>
			<row idgoal='1'>
				<revenue>7.5</revenue>
				<nb_conversions_float>0.75</nb_conversions_float>
				<nb_conversions_page_rate>100%</nb_conversions_page_rate>
			</row>
		</goals>
	</row>
	<row>
		<label>Page B</label>
		<nb_hits>1</nb_hits>
		<goals>
			<row idgoal='1'>
				<revenue>2.5</revenue>
				<nb_conversions_float>0.25</nb_conversions_float>
				<nb_conversions_page_rate>50%</nb_conversions_page_rate>
			</row>
		</goals>
	</row>
	<row>
		<label>Page D</label>
		<nb_hits>1</nb_hits>
	</row>
</result>