<?xml version="1.0" encoding="utf-8" ?>
<result>
	<row>
		<label>/index</label>
		<nb_uniq_visitors>1</nb_uniq_visitors>
		<nb_hits>1</nb_hits>
		<sum_time_spent>792</sum_time_spent>
		<sum_time_generation>0</sum_time_generation>
		<nb_hits_with_time_generation>0</nb_hits_with_time_generation>
		<min_time_generation />
		<max_time_generation />
		<sum_time_network>0.0620</sum_time_network>
		<nb_hits_with_time_network>1</nb_hits_with_time_network>
		<min_time_network>0.0620</min_time_network>
		<max_time_network>0.0620</max_time_network>
		<sum_time_server>0.1980</sum_time_server>
		<nb_hits_with_time_server>1</nb_hits_with_time_server>
		<min_time_server>0.1980</min_time_server>
		<max_time_server>0.1980</max_time_server>
		<sum_time_transfer>0.2530</sum_time_transfer>
		<nb_hits_with_time_transfer>1</nb_hits_with_time_transfer>
		<min_time_transfer>0.2530</min_time_transfer>
		<max_time_transfer>0.2530</max_time_transfer>
		<sum_time_dom_processing>1.5590</sum_time_dom_processing>
		<nb_hits_with_time_dom_processing>1</nb_hits_with_time_dom_processing>
		<min_time_dom_processing>1.5590</min_time_dom_processing>
		<max_time_dom_processing>1.5590</max_time_dom_processing>
		<sum_time_dom_completion>0.2220</sum_time_dom_completion>
		<nb_hits_with_time_dom_completion>1</nb_hits_with_time_dom_completion>
		<min_time_dom_completion>0.2220</min_time_dom_completion>
		<max_time_dom_completion>0.2220</max_time_dom_completion>
		<sum_time_on_load>0.1520</sum_time_on_load>
		<nb_hits_with_time_on_load>1</nb_hits_with_time_on_load>
		<min_time_on_load>0.1520</min_time_on_load>
		<max_time_on_load>0.1520</max_time_on_load>
		<sum_bandwidth>0</sum_bandwidth>
		<nb_hits_with_bandwidth>0</nb_hits_with_bandwidth>
		<min_bandwidth />
		<max_bandwidth />
		<goals>
			<row idgoal='1'>
				<revenue>42</revenue>
				<nb_conversions_attrib>0.5</nb_conversions_attrib>
				<nb_conversions_page_rate>1</nb_conversions_page_rate>
				<revenue_attrib>21</revenue_attrib>
			</row>
		</goals>
		<goal_1_nb_conversions_page_rate>1</goal_1_nb_conversions_page_rate>
		<url>http://example.org/</url>
	</row>
	<row>
		<label>/index.htm</label>
		<nb_uniq_visitors>1</nb_uniq_visitors>
		<nb_hits>1</nb_hits>
		<sum_time_spent>0</sum_time_spent>
		<nb_hits_following_search>1</nb_hits_following_search>
		<sum_time_generation>0</sum_time_generation>
		<nb_hits_with_time_generation>0</nb_hits_with_time_generation>
		<min_time_generation />
		<max_time_generation />
		<sum_time_network>0.0420</sum_time_network>
		<nb_hits_with_time_network>1</nb_hits_with_time_network>
		<min_time_network>0.0420</min_time_network>
		<max_time_network>0.0420</max_time_network>
		<sum_time_server>0.0960</sum_time_server>
		<nb_hits_with_time_server>1</nb_hits_with_time_server>
		<min_time_server>0.0960</min_time_server>
		<max_time_server>0.0960</max_time_server>
		<sum_time_transfer>0.2000</sum_time_transfer>
		<nb_hits_with_time_transfer>1</nb_hits_with_time_transfer>
		<min_time_transfer>0.2000</min_time_transfer>
		<max_time_transfer>0.2000</max_time_transfer>
		<sum_time_dom_processing>0.9550</sum_time_dom_processing>
		<nb_hits_with_time_dom_processing>1</nb_hits_with_time_dom_processing>
		<min_time_dom_processing>0.9550</min_time_dom_processing>
		<max_time_dom_processing>0.9550</max_time_dom_processing>
		<sum_time_dom_completion>0.5660</sum_time_dom_completion>
		<nb_hits_with_time_dom_completion>1</nb_hits_with_time_dom_completion>
		<min_time_dom_completion>0.5660</min_time_dom_completion>
		<max_time_dom_completion>0.5660</max_time_dom_completion>
		<sum_time_on_load>0.2000</sum_time_on_load>
		<nb_hits_with_time_on_load>1</nb_hits_with_time_on_load>
		<min_time_on_load>0.2000</min_time_on_load>
		<max_time_on_load>0.2000</max_time_on_load>
		<sum_bandwidth>0</sum_bandwidth>
		<nb_hits_with_bandwidth>0</nb_hits_with_bandwidth>
		<min_bandwidth />
		<max_bandwidth />
		<exit_nb_uniq_visitors>1</exit_nb_uniq_visitors>
		<exit_nb_visits>1</exit_nb_visits>
		<url>http://example.org/index.htm</url>
	</row>
	<row>
		<label>/index.htm?parameter=Should display</label>
		<nb_uniq_visitors>1</nb_uniq_visitors>
		<nb_hits>1</nb_hits>
		<sum_time_spent>180</sum_time_spent>
		<sum_time_generation>0</sum_time_generation>
		<nb_hits_with_time_generation>0</nb_hits_with_time_generation>
		<min_time_generation />
		<max_time_generation />
		<sum_time_network>0.0330</sum_time_network>
		<nb_hits_with_time_network>1</nb_hits_with_time_network>
		<min_time_network>0.0330</min_time_network>
		<max_time_network>0.0330</max_time_network>
		<sum_time_server>0.1050</sum_time_server>
		<nb_hits_with_time_server>1</nb_hits_with_time_server>
		<min_time_server>0.1050</min_time_server>
		<max_time_server>0.1050</max_time_server>
		<sum_time_transfer>0.2050</sum_time_transfer>
		<nb_hits_with_time_transfer>1</nb_hits_with_time_transfer>
		<min_time_transfer>0.2050</min_time_transfer>
		<max_time_transfer>0.2050</max_time_transfer>
		<sum_time_dom_processing>1.3250</sum_time_dom_processing>
		<nb_hits_with_time_dom_processing>1</nb_hits_with_time_dom_processing>
		<min_time_dom_processing>1.3250</min_time_dom_processing>
		<max_time_dom_processing>1.3250</max_time_dom_processing>
		<sum_time_dom_completion>0.3900</sum_time_dom_completion>
		<nb_hits_with_time_dom_completion>1</nb_hits_with_time_dom_completion>
		<min_time_dom_completion>0.3900</min_time_dom_completion>
		<max_time_dom_completion>0.3900</max_time_dom_completion>
		<sum_time_on_load>0.2220</sum_time_on_load>
		<nb_hits_with_time_on_load>1</nb_hits_with_time_on_load>
		<min_time_on_load>0.2220</min_time_on_load>
		<max_time_on_load>0.2220</max_time_on_load>
		<sum_bandwidth>0</sum_bandwidth>
		<nb_hits_with_bandwidth>0</nb_hits_with_bandwidth>
		<min_bandwidth />
		<max_bandwidth />
		<entry_nb_uniq_visitors>1</entry_nb_uniq_visitors>
		<entry_nb_visits>1</entry_nb_visits>
		<entry_nb_actions>8</entry_nb_actions>
		<entry_sum_visit_length>1621</entry_sum_visit_length>
		<entry_bounce_count>0</entry_bounce_count>
		<goals>
			<row idgoal='1'>
				<revenue>42</revenue>
				<nb_conversions_attrib>0.5</nb_conversions_attrib>
				<nb_conversions_page_rate>1</nb_conversions_page_rate>
				<revenue_attrib>21</revenue_attrib>
				<revenue_entry>42.00</revenue_entry>
				<nb_conversions_entry_rate>1</nb_conversions_entry_rate>
				<revenue_per_entry>42</revenue_per_entry>
				<nb_conversions_entry>1</nb_conversions_entry>
			</row>
		</goals>
		<goal_1_nb_conversions_page_rate>1</goal_1_nb_conversions_page_rate>
		<url>http://example.org/index.htm?parameter=Should display</url>
	</row>
	<row>
		<label>store</label>
		<nb_hits>1</nb_hits>
		<sum_time_spent>0</sum_time_spent>
		<sum_time_generation>0</sum_time_generation>
		<nb_hits_with_time_generation>0</nb_hits_with_time_generation>
		<min_time_generation />
		<max_time_generation>0</max_time_generation>
		<sum_time_network>0.022</sum_time_network>
		<nb_hits_with_time_network>1</nb_hits_with_time_network>
		<min_time_network>0.022</min_time_network>
		<max_time_network>0.022</max_time_network>
		<sum_time_server>0.157</sum_time_server>
		<nb_hits_with_time_server>1</nb_hits_with_time_server>
		<min_time_server>0.157</min_time_server>
		<max_time_server>0.157</max_time_server>
		<sum_time_transfer>0.266</sum_time_transfer>
		<nb_hits_with_time_transfer>1</nb_hits_with_time_transfer>
		<min_time_transfer>0.266</min_time_transfer>
		<max_time_transfer>0.266</max_time_transfer>
		<sum_time_dom_processing>2</sum_time_dom_processing>
		<nb_hits_with_time_dom_processing>1</nb_hits_with_time_dom_processing>
		<min_time_dom_processing>2</min_time_dom_processing>
		<max_time_dom_processing>2</max_time_dom_processing>
		<sum_time_dom_completion>1.002</sum_time_dom_completion>
		<nb_hits_with_time_dom_completion>1</nb_hits_with_time_dom_completion>
		<min_time_dom_completion>1.002</min_time_dom_completion>
		<max_time_dom_completion>1.002</max_time_dom_completion>
		<sum_time_on_load>0.666</sum_time_on_load>
		<nb_hits_with_time_on_load>1</nb_hits_with_time_on_load>
		<min_time_on_load>0.666</min_time_on_load>
		<max_time_on_load>0.666</max_time_on_load>
		<sum_bandwidth>0</sum_bandwidth>
		<nb_hits_with_bandwidth>0</nb_hits_with_bandwidth>
		<min_bandwidth />
		<max_bandwidth />
		<entry_nb_visits>1</entry_nb_visits>
		<entry_nb_actions>1</entry_nb_actions>
		<entry_sum_visit_length>1</entry_sum_visit_length>
		<entry_bounce_count>1</entry_bounce_count>
		<exit_nb_visits>1</exit_nb_visits>
		<goals>
			<row idgoal='2'>
				<revenue>1</revenue>
				<nb_conversions_attrib>1</nb_conversions_attrib>
				<nb_conversions_page_rate>1</nb_conversions_page_rate>
				<revenue_attrib>1</revenue_attrib>
				<revenue_entry>1.00</revenue_entry>
				<nb_conversions_entry_rate>1</nb_conversions_entry_rate>
				<revenue_per_entry>1</revenue_per_entry>
				<nb_conversions_entry>1</nb_conversions_entry>
			</row>
		</goals>
		<goal_2_nb_conversions_page_rate>1</goal_2_nb_conversions_page_rate>
		<folder_url_start>http://site.com/store</folder_url_start>
	</row>
</result>