<?xml version="1.0" encoding="utf-8" ?>
<result>
	<row>
		<label>Checkout</label>
		<nb_hits>1</nb_hits>
		<sum_time_spent>0</sum_time_spent>
		<sum_time_generation>0</sum_time_generation>
		<nb_hits_with_time_generation>0</nb_hits_with_time_generation>
		<min_time_generation />
		<max_time_generation>0</max_time_generation>
		<sum_time_network>0.022</sum_time_network>
		<nb_hits_with_time_network>1</nb_hits_with_time_network>
		<min_time_network>0.022</min_time_network>
		<max_time_network>0.022</max_time_network>
		<sum_time_server>0.157</sum_time_server>
		<nb_hits_with_time_server>1</nb_hits_with_time_server>
		<min_time_server>0.157</min_time_server>
		<max_time_server>0.157</max_time_server>
		<sum_time_transfer>0.266</sum_time_transfer>
		<nb_hits_with_time_transfer>1</nb_hits_with_time_transfer>
		<min_time_transfer>0.266</min_time_transfer>
		<max_time_transfer>0.266</max_time_transfer>
		<sum_time_dom_processing>2</sum_time_dom_processing>
		<nb_hits_with_time_dom_processing>1</nb_hits_with_time_dom_processing>
		<min_time_dom_processing>2</min_time_dom_processing>
		<max_time_dom_processing>2</max_time_dom_processing>
		<sum_time_dom_completion>1.002</sum_time_dom_completion>
		<nb_hits_with_time_dom_completion>1</nb_hits_with_time_dom_completion>
		<min_time_dom_completion>1.002</min_time_dom_completion>
		<max_time_dom_completion>1.002</max_time_dom_completion>
		<sum_time_on_load>0.666</sum_time_on_load>
		<nb_hits_with_time_on_load>1</nb_hits_with_time_on_load>
		<min_time_on_load>0.666</min_time_on_load>
		<max_time_on_load>0.666</max_time_on_load>
		<entry_nb_visits>1</entry_nb_visits>
		<entry_nb_actions>1</entry_nb_actions>
		<entry_sum_visit_length>1</entry_sum_visit_length>
		<entry_bounce_count>1</entry_bounce_count>
		<exit_nb_visits>1</exit_nb_visits>
		<goal_2_nb_conversions>1</goal_2_nb_conversions>
		<goal_2_revenue>1</goal_2_revenue>
		<goal_2_nb_conv_pages_before>1</goal_2_nb_conv_pages_before>
		<goal_2_nb_conversions_attrib>1</goal_2_nb_conversions_attrib>
		<goal_2_nb_conversions_page_rate>0</goal_2_nb_conversions_page_rate>
		<goal_2_nb_conversions_page_uniq>1</goal_2_nb_conversions_page_uniq>
		<goal_2_revenue_attrib>1</goal_2_revenue_attrib>
		<goal_2_revenue_entry>1</goal_2_revenue_entry>
		<goal_2_nb_conversions_entry_rate>1</goal_2_nb_conversions_entry_rate>
		<goal_2_revenue_per_entry>1</goal_2_revenue_per_entry>
		<goal_2_nb_conversions_entry>1</goal_2_nb_conversions_entry>
		<page_title_path>Checkout</page_title_path>
	</row>
	<row>
		<label> incredible title!</label>
		<nb_uniq_visitors>1</nb_uniq_visitors>
		<nb_hits>1</nb_hits>
		<sum_time_spent>180</sum_time_spent>
		<sum_time_generation>0</sum_time_generation>
		<nb_hits_with_time_generation>0</nb_hits_with_time_generation>
		<min_time_generation />
		<max_time_generation />
		<sum_time_network>0.0330</sum_time_network>
		<nb_hits_with_time_network>1</nb_hits_with_time_network>
		<min_time_network>0.0330</min_time_network>
		<max_time_network>0.0330</max_time_network>
		<sum_time_server>0.1050</sum_time_server>
		<nb_hits_with_time_server>1</nb_hits_with_time_server>
		<min_time_server>0.1050</min_time_server>
		<max_time_server>0.1050</max_time_server>
		<sum_time_transfer>0.2050</sum_time_transfer>
		<nb_hits_with_time_transfer>1</nb_hits_with_time_transfer>
		<min_time_transfer>0.2050</min_time_transfer>
		<max_time_transfer>0.2050</max_time_transfer>
		<sum_time_dom_processing>1.3250</sum_time_dom_processing>
		<nb_hits_with_time_dom_processing>1</nb_hits_with_time_dom_processing>
		<min_time_dom_processing>1.3250</min_time_dom_processing>
		<max_time_dom_processing>1.3250</max_time_dom_processing>
		<sum_time_dom_completion>0.3900</sum_time_dom_completion>
		<nb_hits_with_time_dom_completion>1</nb_hits_with_time_dom_completion>
		<min_time_dom_completion>0.3900</min_time_dom_completion>
		<max_time_dom_completion>0.3900</max_time_dom_completion>
		<sum_time_on_load>0.2220</sum_time_on_load>
		<nb_hits_with_time_on_load>1</nb_hits_with_time_on_load>
		<min_time_on_load>0.2220</min_time_on_load>
		<max_time_on_load>0.2220</max_time_on_load>
		<entry_nb_uniq_visitors>1</entry_nb_uniq_visitors>
		<entry_nb_visits>1</entry_nb_visits>
		<entry_nb_actions>7</entry_nb_actions>
		<entry_sum_visit_length>1621</entry_sum_visit_length>
		<entry_bounce_count>0</entry_bounce_count>
		<goal_1_nb_conversions>1</goal_1_nb_conversions>
		<goal_1_revenue>42.00</goal_1_revenue>
		<goal_1_nb_conv_pages_before>2</goal_1_nb_conv_pages_before>
		<goal_1_nb_conversions_attrib>0.5</goal_1_nb_conversions_attrib>
		<goal_1_nb_conversions_page_rate>1</goal_1_nb_conversions_page_rate>
		<goal_1_nb_conversions_page_uniq>1</goal_1_nb_conversions_page_uniq>
		<goal_1_revenue_attrib>21</goal_1_revenue_attrib>
		<goal_1_revenue_entry>42.00</goal_1_revenue_entry>
		<goal_1_nb_conversions_entry_rate>1</goal_1_nb_conversions_entry_rate>
		<goal_1_revenue_per_entry>42</goal_1_revenue_per_entry>
		<goal_1_nb_conversions_entry>1</goal_1_nb_conversions_entry>
		<page_title_path>incredible title!</page_title_path>
		<goals>
		<row>1</row>
		</goals>
	</row>
	<row>
		<label> Looking at homepage (again)...</label>
		<nb_uniq_visitors>1</nb_uniq_visitors>
		<nb_hits>1</nb_hits>
		<sum_time_spent>0</sum_time_spent>
		<sum_time_generation>0</sum_time_generation>
		<nb_hits_with_time_generation>0</nb_hits_with_time_generation>
		<min_time_generation />
		<max_time_generation />
		<sum_time_network>0.0000</sum_time_network>
		<nb_hits_with_time_network>1</nb_hits_with_time_network>
		<min_time_network>0.0000</min_time_network>
		<max_time_network>0.0000</max_time_network>
		<sum_time_server>0.2220</sum_time_server>
		<nb_hits_with_time_server>1</nb_hits_with_time_server>
		<min_time_server>0.2220</min_time_server>
		<max_time_server>0.2220</max_time_server>
		<sum_time_transfer>0.3330</sum_time_transfer>
		<nb_hits_with_time_transfer>1</nb_hits_with_time_transfer>
		<min_time_transfer>0.3330</min_time_transfer>
		<max_time_transfer>0.3330</max_time_transfer>
		<sum_time_dom_processing>1.1110</sum_time_dom_processing>
		<nb_hits_with_time_dom_processing>1</nb_hits_with_time_dom_processing>
		<min_time_dom_processing>1.1110</min_time_dom_processing>
		<max_time_dom_processing>1.1110</max_time_dom_processing>
		<sum_time_dom_completion>0.6660</sum_time_dom_completion>
		<nb_hits_with_time_dom_completion>1</nb_hits_with_time_dom_completion>
		<min_time_dom_completion>0.6660</min_time_dom_completion>
		<max_time_dom_completion>0.6660</max_time_dom_completion>
		<sum_time_on_load>0.3330</sum_time_on_load>
		<nb_hits_with_time_on_load>1</nb_hits_with_time_on_load>
		<min_time_on_load>0.3330</min_time_on_load>
		<max_time_on_load>0.3330</max_time_on_load>
		<exit_nb_uniq_visitors>1</exit_nb_uniq_visitors>
		<exit_nb_visits>1</exit_nb_visits>
		<page_title_path>Looking at homepage (again)...</page_title_path>
	</row>
	<row>
		<label> Second page view - should be registered as URL</label>
		<nb_uniq_visitors>1</nb_uniq_visitors>
		<nb_hits>1</nb_hits>
		<sum_time_spent>900</sum_time_spent>
		<sum_time_generation>0</sum_time_generation>
		<nb_hits_with_time_generation>0</nb_hits_with_time_generation>
		<min_time_generation />
		<max_time_generation />
		<sum_time_network>0.0620</sum_time_network>
		<nb_hits_with_time_network>1</nb_hits_with_time_network>
		<min_time_network>0.0620</min_time_network>
		<max_time_network>0.0620</max_time_network>
		<sum_time_server>0.1980</sum_time_server>
		<nb_hits_with_time_server>1</nb_hits_with_time_server>
		<min_time_server>0.1980</min_time_server>
		<max_time_server>0.1980</max_time_server>
		<sum_time_transfer>0.2530</sum_time_transfer>
		<nb_hits_with_time_transfer>1</nb_hits_with_time_transfer>
		<min_time_transfer>0.2530</min_time_transfer>
		<max_time_transfer>0.2530</max_time_transfer>
		<sum_time_dom_processing>1.5590</sum_time_dom_processing>
		<nb_hits_with_time_dom_processing>1</nb_hits_with_time_dom_processing>
		<min_time_dom_processing>1.5590</min_time_dom_processing>
		<max_time_dom_processing>1.5590</max_time_dom_processing>
		<sum_time_dom_completion>0.2220</sum_time_dom_completion>
		<nb_hits_with_time_dom_completion>1</nb_hits_with_time_dom_completion>
		<min_time_dom_completion>0.2220</min_time_dom_completion>
		<max_time_dom_completion>0.2220</max_time_dom_completion>
		<sum_time_on_load>0.1520</sum_time_on_load>
		<nb_hits_with_time_on_load>1</nb_hits_with_time_on_load>
		<min_time_on_load>0.1520</min_time_on_load>
		<max_time_on_load>0.1520</max_time_on_load>
		<goal_1_nb_conversions>1</goal_1_nb_conversions>
		<goal_1_revenue>42.00</goal_1_revenue>
		<goal_1_nb_conv_pages_before>2</goal_1_nb_conv_pages_before>
		<goal_1_nb_conversions_attrib>0.5</goal_1_nb_conversions_attrib>
		<goal_1_nb_conversions_page_rate>1</goal_1_nb_conversions_page_rate>
		<goal_1_nb_conversions_page_uniq>1</goal_1_nb_conversions_page_uniq>
		<goal_1_revenue_attrib>21</goal_1_revenue_attrib>
		<page_title_path>Second page view - should be registered as URL</page_title_path>
		<goals>
		<row>1</row>
		</goals>
	</row>
</result>